// Vitest Snapshot v1, https://vitest.dev/guide/snapshot.html

exports[`Checkbox > should render checkbox w/ error 1`] = `
<div>
  <div
    class="flex flex-col gap-2"
  >
    <div
      class="flex gap-2"
    >
      <input
        class="rounded-lg border transition-all focus-within:outline-none focus-within:ring-4 active:ring-4 border-ws-danger-500  ring-ws-danger-300 focus-within:border-ws-danger-500  hover:border-ws-danger-500 peer grid h-7 w-7 shrink-0 appearance-none cursor-pointer place-content-center after:hidden after:content-[''] indeterminate:after:bg-indeterminate indeterminate:border-ws-primary-500 indeterminate:bg-ws-primary-500 indeterminate:after:block indeterminate:hover:border-ws-primary-700 indeterminate:hover:bg-ws-primary-700 indeterminate:after:h-[24px] indeterminate:after:w-[24px] checked:after:bg-checkmark checked:border-ws-primary-500 checked:bg-ws-primary-500 checked:after:block checked:hover:border-ws-primary-700 checked:hover:bg-ws-primary-700 checked:after:h-[13px] checked:after:w-[13px] disabled:border-ws-grey-100 disabled:bg-ws-grey-50 disabled:checked:border-ws-primary-300 disabled:checked:bg-ws-primary-300"
        id="error"
        type="checkbox"
      />
      <label
        class="antialiased text-sm text-ws-grey-600 font-semibold font-basier-circle cursor-pointer pt-[4px] peer-disabled:pointer-events-none"
        for="error"
      >
        The error text field
      </label>
    </div>
    <p
      class="antialiased text-xs font-normal text-ws-danger-500 font-basier-circle"
    >
      This is an error text field
    </p>
  </div>
</div>
`;

exports[`Checkbox > should render checkbox w/ helper text 1`] = `
<div>
  <div
    class="flex flex-col gap-2"
  >
    <div
      class="flex gap-2"
    >
      <input
        class="rounded-lg border transition-all focus-within:outline-none focus-within:ring-4 active:ring-4 border-ws-grey-300  ring-ws-primary-300 focus-within:border-ws-primary-500  hover:border-ws-primary-500 peer grid h-7 w-7 shrink-0 appearance-none cursor-pointer place-content-center after:hidden after:content-[''] indeterminate:after:bg-indeterminate indeterminate:border-ws-primary-500 indeterminate:bg-ws-primary-500 indeterminate:after:block indeterminate:hover:border-ws-primary-700 indeterminate:hover:bg-ws-primary-700 indeterminate:after:h-[24px] indeterminate:after:w-[24px] checked:after:bg-checkmark checked:border-ws-primary-500 checked:bg-ws-primary-500 checked:after:block checked:hover:border-ws-primary-700 checked:hover:bg-ws-primary-700 checked:after:h-[13px] checked:after:w-[13px] disabled:border-ws-grey-100 disabled:bg-ws-grey-50 disabled:checked:border-ws-primary-300 disabled:checked:bg-ws-primary-300"
        id="helper"
        type="checkbox"
      />
      <label
        class="antialiased text-sm text-ws-grey-600 font-semibold font-basier-circle cursor-pointer pt-[4px] peer-disabled:pointer-events-none"
        for="helper"
      >
        The helper text
      </label>
    </div>
    <p
      class="antialiased text-xs font-normal text-ws-grey-600 font-basier-circle"
    >
      This is a helper text
    </p>
  </div>
</div>
`;

exports[`Checkbox > should render disabled and ticked checkbox 1`] = `
<div>
  <div
    class="flex flex-col gap-2"
  >
    <div
      class="flex gap-2"
    >
      <input
        class="rounded-lg border transition-all focus-within:outline-none focus-within:ring-4 active:ring-4 border-ws-grey-300  ring-ws-primary-300 focus-within:border-ws-primary-500  hover:border-ws-primary-500 pointer-events-none bg-ws-grey-50 peer grid h-7 w-7 shrink-0 appearance-none cursor-pointer place-content-center after:hidden after:content-[''] indeterminate:after:bg-indeterminate indeterminate:border-ws-primary-500 indeterminate:bg-ws-primary-500 indeterminate:after:block indeterminate:hover:border-ws-primary-700 indeterminate:hover:bg-ws-primary-700 indeterminate:after:h-[24px] indeterminate:after:w-[24px] checked:after:bg-checkmark checked:border-ws-primary-500 checked:bg-ws-primary-500 checked:after:block checked:hover:border-ws-primary-700 checked:hover:bg-ws-primary-700 checked:after:h-[13px] checked:after:w-[13px] disabled:border-ws-grey-100 disabled:bg-ws-grey-50 disabled:checked:border-ws-primary-300 disabled:checked:bg-ws-primary-300"
        disabled=""
        id="disabled"
        type="checkbox"
        value="This is a disabled text field"
      />
      <label
        class="antialiased text-sm text-ws-grey-600 font-semibold font-basier-circle cursor-pointer pt-[4px] peer-disabled:pointer-events-none"
        for="disabled"
      >
        The disabled text field
      </label>
    </div>
  </div>
</div>
`;

exports[`Checkbox > should render disabled and unticked checkbox 1`] = `
<div>
  <div
    class="flex flex-col gap-2"
  >
    <div
      class="flex gap-2"
    >
      <input
        class="rounded-lg border transition-all focus-within:outline-none focus-within:ring-4 active:ring-4 border-ws-grey-300  ring-ws-primary-300 focus-within:border-ws-primary-500  hover:border-ws-primary-500 pointer-events-none bg-ws-grey-50 peer grid h-7 w-7 shrink-0 appearance-none cursor-pointer place-content-center after:hidden after:content-[''] indeterminate:after:bg-indeterminate indeterminate:border-ws-primary-500 indeterminate:bg-ws-primary-500 indeterminate:after:block indeterminate:hover:border-ws-primary-700 indeterminate:hover:bg-ws-primary-700 indeterminate:after:h-[24px] indeterminate:after:w-[24px] checked:after:bg-checkmark checked:border-ws-primary-500 checked:bg-ws-primary-500 checked:after:block checked:hover:border-ws-primary-700 checked:hover:bg-ws-primary-700 checked:after:h-[13px] checked:after:w-[13px] disabled:border-ws-grey-100 disabled:bg-ws-grey-50 disabled:checked:border-ws-primary-300 disabled:checked:bg-ws-primary-300"
        disabled=""
        id="disabled"
        type="checkbox"
        value="This is a disabled text field"
      />
      <label
        class="antialiased text-sm text-ws-grey-600 font-semibold font-basier-circle cursor-pointer pt-[4px] peer-disabled:pointer-events-none"
        for="disabled"
      >
        The disabled text field
      </label>
    </div>
  </div>
</div>
`;

exports[`Checkbox > should render ticked checkbox 1`] = `
<div>
  <div
    class="flex flex-col gap-2"
  >
    <div
      class="flex gap-2"
    >
      <input
        class="rounded-lg border transition-all focus-within:outline-none focus-within:ring-4 active:ring-4 border-ws-grey-300  ring-ws-primary-300 focus-within:border-ws-primary-500  hover:border-ws-primary-500 peer grid h-7 w-7 shrink-0 appearance-none cursor-pointer place-content-center after:hidden after:content-[''] indeterminate:after:bg-indeterminate indeterminate:border-ws-primary-500 indeterminate:bg-ws-primary-500 indeterminate:after:block indeterminate:hover:border-ws-primary-700 indeterminate:hover:bg-ws-primary-700 indeterminate:after:h-[24px] indeterminate:after:w-[24px] checked:after:bg-checkmark checked:border-ws-primary-500 checked:bg-ws-primary-500 checked:after:block checked:hover:border-ws-primary-700 checked:hover:bg-ws-primary-700 checked:after:h-[13px] checked:after:w-[13px] disabled:border-ws-grey-100 disabled:bg-ws-grey-50 disabled:checked:border-ws-primary-300 disabled:checked:bg-ws-primary-300"
        id="default"
        type="checkbox"
      />
      <label
        class="antialiased text-sm text-ws-grey-600 font-semibold font-basier-circle cursor-pointer pt-[4px] peer-disabled:pointer-events-none"
        for="default"
      >
        The default
      </label>
    </div>
  </div>
</div>
`;

exports[`Checkbox > should render unticked checkbox 1`] = `
<div>
  <div
    class="flex flex-col gap-2"
  >
    <div
      class="flex gap-2"
    >
      <input
        class="rounded-lg border transition-all focus-within:outline-none focus-within:ring-4 active:ring-4 border-ws-grey-300  ring-ws-primary-300 focus-within:border-ws-primary-500  hover:border-ws-primary-500 peer grid h-7 w-7 shrink-0 appearance-none cursor-pointer place-content-center after:hidden after:content-[''] indeterminate:after:bg-indeterminate indeterminate:border-ws-primary-500 indeterminate:bg-ws-primary-500 indeterminate:after:block indeterminate:hover:border-ws-primary-700 indeterminate:hover:bg-ws-primary-700 indeterminate:after:h-[24px] indeterminate:after:w-[24px] checked:after:bg-checkmark checked:border-ws-primary-500 checked:bg-ws-primary-500 checked:after:block checked:hover:border-ws-primary-700 checked:hover:bg-ws-primary-700 checked:after:h-[13px] checked:after:w-[13px] disabled:border-ws-grey-100 disabled:bg-ws-grey-50 disabled:checked:border-ws-primary-300 disabled:checked:bg-ws-primary-300"
        id="default"
        type="checkbox"
      />
      <label
        class="antialiased text-sm text-ws-grey-600 font-semibold font-basier-circle cursor-pointer pt-[4px] peer-disabled:pointer-events-none"
        for="default"
      >
        The default
      </label>
    </div>
  </div>
</div>
`;

exports[`Checkbox > should wire up ref correctly 1`] = `
<input
  class="rounded-lg border transition-all focus-within:outline-none focus-within:ring-4 active:ring-4 border-ws-grey-300  ring-ws-primary-300 focus-within:border-ws-primary-500  hover:border-ws-primary-500 peer grid h-7 w-7 shrink-0 appearance-none cursor-pointer place-content-center after:hidden after:content-[''] indeterminate:after:bg-indeterminate indeterminate:border-ws-primary-500 indeterminate:bg-ws-primary-500 indeterminate:after:block indeterminate:hover:border-ws-primary-700 indeterminate:hover:bg-ws-primary-700 indeterminate:after:h-[24px] indeterminate:after:w-[24px] checked:after:bg-checkmark checked:border-ws-primary-500 checked:bg-ws-primary-500 checked:after:block checked:hover:border-ws-primary-700 checked:hover:bg-ws-primary-700 checked:after:h-[13px] checked:after:w-[13px] disabled:border-ws-grey-100 disabled:bg-ws-grey-50 disabled:checked:border-ws-primary-300 disabled:checked:bg-ws-primary-300"
  id="default"
  type="checkbox"
/>
`;
